[www.jeffersonswheel.org/index.html]
[backblue.gif]
[fade.gif]
[index.html]
[www.jeffersonswheel.org/wp-content/themes/whiteasmilk/style1.css]
[www.jeffersonswheel.org/feed]
[www.jeffersonswheel.org/feed/atom]
[www.jeffersonswheel.org/xmlrpc.php]
[www.jeffersonswheel.org/2018/10.html]
[www.jeffersonswheel.org/2018/09.html]
[www.jeffersonswheel.org/2018/08.html]
[www.jeffersonswheel.org/2018/07.html]
[www.jeffersonswheel.org/2018/05.html]
[www.jeffersonswheel.org/2018/02.html]
[www.jeffersonswheel.org/2017/12.html]
[www.jeffersonswheel.org/2017/11.html]
[www.jeffersonswheel.org/2017/09.html]
[www.jeffersonswheel.org/2017/08.html]
[www.jeffersonswheel.org/2017/07.html]
[www.jeffersonswheel.org/2017/06.html]
[www.jeffersonswheel.org/2017/04.html]
[www.jeffersonswheel.org/2017/03.html]
[www.jeffersonswheel.org/2017/01.html]
[www.jeffersonswheel.org/2016/12.html]
[www.jeffersonswheel.org/2016/11.html]
[www.jeffersonswheel.org/2016/10.html]
[www.jeffersonswheel.org/2016/08.html]
[www.jeffersonswheel.org/2016/07.html]
[www.jeffersonswheel.org/2016/06.html]
[www.jeffersonswheel.org/2016/05.html]
[www.jeffersonswheel.org/2016/04.html]
[www.jeffersonswheel.org/2016/03.html]
[www.jeffersonswheel.org/2016/02.html]
[www.jeffersonswheel.org/2015/12.html]
[www.jeffersonswheel.org/2015/11.html]
[www.jeffersonswheel.org/2015/08.html]
[www.jeffersonswheel.org/2015/06.html]
[www.jeffersonswheel.org/2015/05.html]
[www.jeffersonswheel.org/2015/04.html]
[www.jeffersonswheel.org/2015/03.html]
[www.jeffersonswheel.org/2015/02.html]
[www.jeffersonswheel.org/2015/01.html]
[www.jeffersonswheel.org/2014/11.html]
[www.jeffersonswheel.org/2014/10.html]
[www.jeffersonswheel.org/2014/09.html]
[www.jeffersonswheel.org/2014/05.html]
[www.jeffersonswheel.org/2014/04.html]
[www.jeffersonswheel.org/2014/02.html]
[www.jeffersonswheel.org/2014/01.html]
[www.jeffersonswheel.org/2013/11.html]
[www.jeffersonswheel.org/2013/10.html]
[www.jeffersonswheel.org/2013/06.html]
[www.jeffersonswheel.org/2013/05.html]
[www.jeffersonswheel.org/2013/04.html]
[www.jeffersonswheel.org/2013/03.html]
[www.jeffersonswheel.org/2013/02.html]
[www.jeffersonswheel.org/2012/08.html]
[www.jeffersonswheel.org/2012/07.html]
[www.jeffersonswheel.org/2012/03.html]
[www.jeffersonswheel.org/2012/02.html]
[www.jeffersonswheel.org/2012/01.html]
[www.jeffersonswheel.org/2011/12.html]
[www.jeffersonswheel.org/2011/11.html]
[www.jeffersonswheel.org/2011/10.html]
[www.jeffersonswheel.org/2011/09.html]
[www.jeffersonswheel.org/2011/08.html]
[www.jeffersonswheel.org/2011/07.html]
[www.jeffersonswheel.org/2011/06.html]
[www.jeffersonswheel.org/2011/05.html]
[www.jeffersonswheel.org/2011/04.html]
[www.jeffersonswheel.org/2011/03.html]
[www.jeffersonswheel.org/2011/02.html]
[www.jeffersonswheel.org/2010/12.html]
[www.jeffersonswheel.org/2010/11.html]
[www.jeffersonswheel.org/2010/09.html]
[www.jeffersonswheel.org/2010/05.html]
[www.jeffersonswheel.org/2010/04.html]
[www.jeffersonswheel.org/2010/02.html]
[www.jeffersonswheel.org/2009/12.html]
[www.jeffersonswheel.org/2009/09.html]
[www.jeffersonswheel.org/2009/07.html]
[www.jeffersonswheel.org/2009/05.html]
[www.jeffersonswheel.org/2009/04.html]
[www.jeffersonswheel.org/2009/03.html]
[www.jeffersonswheel.org/2009/02.html]
[www.jeffersonswheel.org/2009/01.html]
[www.jeffersonswheel.org/2008/12.html]
[www.jeffersonswheel.org/2008/11.html]
[www.jeffersonswheel.org/2008/10.html]
[www.jeffersonswheel.org/2008/09.html]
[www.jeffersonswheel.org/2008/07.html]
[www.jeffersonswheel.org/2008/06.html]
[www.jeffersonswheel.org/2008/05.html]
[www.jeffersonswheel.org/2008/04.html]
[www.jeffersonswheel.org/2008/03.html]
[www.jeffersonswheel.org/2008/02.html]
[www.jeffersonswheel.org/2008/01.html]
[www.jeffersonswheel.org/xmlrpc0db0.php]
[www.jeffersonswheel.org/wp-includes/wlwmanifest.xml]
[www.jeffersonswheel.org/images/jwlogo.jpg]
[www.jeffersonswheel.org/images/jwlogo-small.jpg]
[www.jeffersonswheel.org/2018/artificial-intelligence-the-new-ghost-in-the-machine.html]
[www.jeffersonswheel.org/category/adversarial-machine-learning.html]
[www.jeffersonswheel.org/category/research.html]
[www.jeffersonswheel.org/category/talks.html]
[www.jeffersonswheel.org/2018/violations-of-childrens-privacy-laws.html]
[www.jeffersonswheel.org/category/alumni.html]
[www.jeffersonswheel.org/category/news.html]
[www.jeffersonswheel.org/category/privacy.html]
[www.jeffersonswheel.org/images/usenix2018/IMG_20180816_190616-2.jpg]
[www.jeffersonswheel.org/2018/usenix-security-2018.html]
[www.jeffersonswheel.org/images/usenix2018/IMG_20180816_190616.jpg]
[www.jeffersonswheel.org/images/usenix2018/IMG_20180816_190626-2.jpg]
[www.jeffersonswheel.org/images/usenix2018/IMG_20180816_190626.jpg]
[www.jeffersonswheel.org/images/usenix2018/IMG_20180816_192620-2.jpg]
[www.jeffersonswheel.org/images/usenix2018/IMG_20180816_192620.jpg]
[www.jeffersonswheel.org/images/usenix2018/IMG_20180816_192646-2.jpg]
[www.jeffersonswheel.org/images/usenix2018/IMG_20180816_192646.jpg]
[www.jeffersonswheel.org/category/conferences.html]
[www.jeffersonswheel.org/2018/mutually-assured-destruction-and-the-impending-ai-apocalypse.html]
[www.jeffersonswheel.org/category/security.html]
[www.jeffersonswheel.org/2018/dependable-and-secure-machine-learning.html]
[www.jeffersonswheel.org/category/machine-learning.html]
[www.jeffersonswheel.org/2018/cybersecurity-summer-camp.html]
[www.jeffersonswheel.org/category/teaching.html]
[www.jeffersonswheel.org/2018/dls-keynote-is-adversarial-examples-an-adversarial-example.html]
[www.jeffersonswheel.org/images/srg2018/ORG_DSC07202.jpg]
[www.jeffersonswheel.org/2018/srg-at-ieee-sp-2018.html]
[www.jeffersonswheel.org/images/srg2018/IMG_20180521_193906.jpg]
[www.jeffersonswheel.org/images/srg2018/IMG_20180521_193906-3.jpg]
[www.jeffersonswheel.org/images/srg2018/IMG_20180521_193914.jpg]
[www.jeffersonswheel.org/images/srg2018/IMG_20180521_193914-2.jpg]
[www.jeffersonswheel.org/images/srg2018/IMG_20180522_153017.jpg]
[www.jeffersonswheel.org/images/srg2018/IMG_20180522_153017-2.jpg]
[www.jeffersonswheel.org/images/srg2018/IMG_20180522_153109.jpg]
[www.jeffersonswheel.org/images/srg2018/IMG_20180522_153109-2.jpg]
[www.jeffersonswheel.org/category/pictures.html]
[www.jeffersonswheel.org/images/029.jpg]
[www.jeffersonswheel.org/2018/huawei-stw-lessons-from-the-last-3000-years-of-adversarial-examples.html]
[www.jeffersonswheel.org/images/048.jpg]
[www.jeffersonswheel.org/2018/feature-squeezing-at-ndss.html]
[www.jeffersonswheel.org/page/2.html]
[www.jeffersonswheel.org/awards.html]
[www.jeffersonswheel.org/2018.html]
[www.jeffersonswheel.org/2017.html]
[www.jeffersonswheel.org/2016.html]
[www.jeffersonswheel.org/2015.html]
[www.jeffersonswheel.org/2014.html]
[www.jeffersonswheel.org/2013.html]
[www.jeffersonswheel.org/2012.html]
[www.jeffersonswheel.org/2011.html]
[www.jeffersonswheel.org/2010.html]
[www.jeffersonswheel.org/2009.html]
[www.jeffersonswheel.org/2008.html]
[www.jeffersonswheel.org/category/awards.html]
[www.jeffersonswheel.org/category/childrens-books.html]
[www.jeffersonswheel.org/category/contests.html]
[www.jeffersonswheel.org/category/cryptocurrency.html]
[www.jeffersonswheel.org/category/cryptography.html]
[www.jeffersonswheel.org/category/disk-processing.html]
[www.jeffersonswheel.org/category/guardrails.html]
[www.jeffersonswheel.org/category/history.html]
[www.jeffersonswheel.org/category/medical-devices.html]
[www.jeffersonswheel.org/category/movies.html]
[www.jeffersonswheel.org/category/papers.html]
[www.jeffersonswheel.org/category/passwords.html]
[www.jeffersonswheel.org/category/personal-assistant.html]
[www.jeffersonswheel.org/category/politics.html]
[www.jeffersonswheel.org/category/program-analysis.html]
[www.jeffersonswheel.org/category/rfid.html]
[www.jeffersonswheel.org/category/secure-computation.html]
[www.jeffersonswheel.org/category/side-channel-analysis.html]
[www.jeffersonswheel.org/category/smartphones.html]
[www.jeffersonswheel.org/category/social-networks.html]
[www.jeffersonswheel.org/category/software-engineering.html]
[www.jeffersonswheel.org/category/startups.html]
[www.jeffersonswheel.org/category/uncategorized.html]
[www.jeffersonswheel.org/category/usb.html]
[www.jeffersonswheel.org/category/voting.html]
[www.jeffersonswheel.org/index.html]
[www.jeffersonswheel.org/wp-content/themes/whiteasmilk/style1.css]
[www.jeffersonswheel.org/category/web-security.html]
[www.jeffersonswheel.org/2018/10.html]
[www.jeffersonswheel.org/2018/09.html]
[www.jeffersonswheel.org/2018/08.html]
[www.jeffersonswheel.org/2018/07.html]
[www.jeffersonswheel.org/2018/05.html]
[www.jeffersonswheel.org/2018/02.html]
[www.jeffersonswheel.org/2017/why-hasnt-cross-site-scripting-been-solved.html]
[www.jeffersonswheel.org/2017/12.html]
[www.jeffersonswheel.org/2017/muzzammil-zaveri-on-forbes-30-under-30.html]
[www.jeffersonswheel.org/2017/letter-to-dhs.html]
[www.jeffersonswheel.org/2017/highlights-from-ccs-2017.html]
[www.jeffersonswheel.org/2017/11.html]
[www.jeffersonswheel.org/2017/first-workshop-for-women-in-cybersecurity.html]
[www.jeffersonswheel.org/2017/09.html]
[www.jeffersonswheel.org/2017/alumna-turned-internet-security-expert-listed-among-nations-top-young-innovators.html]
[www.jeffersonswheel.org/images/usenix2017/helen-anant-poster.jpg]
[www.jeffersonswheel.org/2017/srg-at-usenix-security-2017.html]
[www.jeffersonswheel.org/images/usenix2017/ethan-poster.jpg]
[www.jeffersonswheel.org/images/usenix2017/weilin-poster.jpg]
[www.jeffersonswheel.org/images/usenix2017/noah-poster.jpg]
[www.jeffersonswheel.org/2017/in-the-red-corner.html]
[www.jeffersonswheel.org/2017/08.html]
[www.jeffersonswheel.org/2017/cispa-distinguished-lecture.html]
[www.jeffersonswheel.org/2017/horcrux-is-a-password-manager-designed-for-security-and-paranoid-users.html]
[www.jeffersonswheel.org/2017/07.html]
[www.jeffersonswheel.org/2017/secure-multi-party-computation-promises-protocols-and-practicalities.html]
[www.jeffersonswheel.org/2017/adversarial-machine-learning-are-we-playing-the-wrong-game.html]
[www.jeffersonswheel.org/2017/modest-proposals-for-google.html]
[www.jeffersonswheel.org/2016/ndss-talk-automatically-evading-classifiers-including-gmails.html]
[www.jeffersonswheel.org/2017/06.html]
[www.jeffersonswheel.org/2017/04.html]
[www.jeffersonswheel.org/2017/feature-squeezing-detecting-adversarial-examples.html]
[www.jeffersonswheel.org/2017/enigma-2017-talk-classifiers-under-attack.html]
[www.jeffersonswheel.org/2017/03.html]
[www.jeffersonswheel.org/2017/ccs-2017.html]
[www.jeffersonswheel.org/images/ccsweb.png]
[www.jeffersonswheel.org/2017/growth-of-mpc-research.html]
[www.jeffersonswheel.org/images/mpcpapers.png]
[www.jeffersonswheel.org/2017/01.html]
[www.jeffersonswheel.org/2016/12.html]
[www.jeffersonswheel.org/2016/aggregating-private-sparse-learning-models-using-multi-party-computation.html]
[www.jeffersonswheel.org/2016/11.html]
[www.jeffersonswheel.org/2016/oreilly-security-2016-classifiers-under-attack.html]
[www.jeffersonswheel.org/2016/10.html]
[www.jeffersonswheel.org/2016/demystifying-the-blockchain-hype.html]
[www.jeffersonswheel.org/2016/secure-stable-matching-at-scale.html]
[www.jeffersonswheel.org/2016/ftc-visit.html]
[www.jeffersonswheel.org/2016/private-multi‑party-machine-learning.html]
[www.jeffersonswheel.org/2016/08.html]
[www.jeffersonswheel.org/2016/insecure-by-default-authentication-services-in-popular-web-frameworks.html]
[www.jeffersonswheel.org/2016/07.html]
[www.jeffersonswheel.org/2016/open-source-echo.html]
[www.jeffersonswheel.org/2016/shanghaitech-symposium.html]
[www.jeffersonswheel.org/images/shanghaihaibo.jpg]
[www.jeffersonswheel.org/images/shanghaihaobai.jpg]
[www.jeffersonswheel.org/2016/aarhus-workshop-on-theory-and-practice-of-secure-multiparty-computation.html]
[www.jeffersonswheel.org/images/aarhussong.jpg]
[www.jeffersonswheel.org/2016/06.html]
[www.jeffersonswheel.org/2016/srg-at-oakland-2016.html]
[www.jeffersonswheel.org/images/anant.jpg]
[www.jeffersonswheel.org/images/jack.jpg]
[www.jeffersonswheel.org/images/sam.jpg]
[www.jeffersonswheel.org/2016/summer-school-at-notre-dame.html]
[www.jeffersonswheel.org/images/srg2016/IMG_7485.jpg]
[www.jeffersonswheel.org/2016/srg-graduates-lunch.html]
[www.jeffersonswheel.org/images/srg2016/IMG_7481.jpg]
[www.jeffersonswheel.org/2016/05.html]
[www.jeffersonswheel.org/2016/tracking-congressional-phones.html]
[www.jeffersonswheel.org/2016/04.html]
[www.jeffersonswheel.org/2016/an-exercise-in-password-security-went-terribly-wrong-security-experts-say.html]
[www.jeffersonswheel.org/2016/03.html]
[www.jeffersonswheel.org/2016/spectra-articles-privacy-preserving-regression-and-ombuds.html]
[www.jeffersonswheel.org/2016/apple-and-the-fbi.html]
[www.jeffersonswheel.org/2016/02.html]
[www.jeffersonswheel.org/2016/weilins-summer-of-code.html]
[www.jeffersonswheel.org/2015/latest-from-karsten-nohl-pos-security.html]
[www.jeffersonswheel.org/2015/dormant-malicious-code-discovered-on-thousands-of-websites.html]
[www.jeffersonswheel.org/2015/evading-machine-learning-classifiers.html]
[www.jeffersonswheel.org/2015/12.html]
[www.jeffersonswheel.org/2015/computer-science-grad-stands-watch-for-users-of-googles-popular-browser.html]
[www.jeffersonswheel.org/2015/11.html]
[www.jeffersonswheel.org/2015/trick-or-treat-bitcoin-for-non-believers-cryptocurrencies-for-cypherpunks.html]
[www.jeffersonswheel.org/2015/karsten-nohl-interview.html]
[www.jeffersonswheel.org/2015/08.html]
[www.jeffersonswheel.org/2015/usenix-phd-forum-talk-how-to-live-in-paradise.html]
[www.jeffersonswheel.org/2015/06.html]
[www.jeffersonswheel.org/2015/crossing.html]
[www.jeffersonswheel.org/2015/srg-at-oakland-2015.html]
[www.jeffersonswheel.org/2015/graduates-lunch.html]
[www.jeffersonswheel.org/images/srg2015/edited/srglunch.jpg]
[www.jeffersonswheel.org/images/srg2015/edited/srglunch-small.png]
[www.jeffersonswheel.org/2015/05.html]
[www.jeffersonswheel.org/2015/congratulations-samee-zahur-2.html]
[www.jeffersonswheel.org/2015/04.html]
[www.jeffersonswheel.org/2015/congratulations-dr-zhou.html]
[www.jeffersonswheel.org/2015/understanding-and-monitoring-embedded-web-scripts.html]
[www.jeffersonswheel.org/2015/who-does-the-autopsy.html]
[www.jeffersonswheel.org/2015/03.html]
[www.jeffersonswheel.org/2015/idash-competition-winner.html]
[www.jeffersonswheel.org/2015/02.html]
[www.jeffersonswheel.org/2015/giving-web-developers-tools-to-protect-their-sites-and-users.html]
[www.jeffersonswheel.org/2015/01.html]
[www.jeffersonswheel.org/2015/gogos-fake-ssl-certificates.html]
[www.jeffersonswheel.org/2014/11.html]
[www.jeffersonswheel.org/2014/updates-from-karstens-badusb.html]
[www.jeffersonswheel.org/2014/hacker-school-talk-what-every-hacker-should-know-about-theory-of-computation.html]
[www.jeffersonswheel.org/images/twittersso.png]
[www.jeffersonswheel.org/2014/twitter-single-sign-on.html]
[www.jeffersonswheel.org/images/twitterprotocol.png]
[www.jeffersonswheel.org/images/twitterprotocol-small.png]
[www.jeffersonswheel.org/2014/10.html]
[www.jeffersonswheel.org/2014/two-halves-make-a-whole.html]
[www.jeffersonswheel.org/images/halfgatestable-small.png]
[www.jeffersonswheel.org/2014/congratulations-professor-huang.html]
[www.jeffersonswheel.org/images/Huang-Yan-2014-09.jpg]
[www.jeffersonswheel.org/2014/09.html]
[www.jeffersonswheel.org/2014/ssoscan-automated-testing-of-web-applications-for-single-sign-on-vulnerabilities.html]
[www.jeffersonswheel.org/2014/05.html]
[www.jeffersonswheel.org/2014/congratulations-samee-zahur.html]
[www.jeffersonswheel.org/2014/04.html]
[www.jeffersonswheel.org/2014/congratulations-yuchen.html]
[www.jeffersonswheel.org/2014/multi-party-computation-in-2029.html]
[www.jeffersonswheel.org/2014/dori-mic-and-the-universal-machine.html]
[www.jeffersonswheel.org/2014/www.amazon.com/gp/product/1495944980]
[www.jeffersonswheel.org/2014/02.html]
[www.jeffersonswheel.org/2014/01.html]
[www.jeffersonswheel.org/2014/new-years-lunch.html]
[www.jeffersonswheel.org/2013/11.html]
[www.jeffersonswheel.org/2013/karsten-nohl-visits-uva.html]
[www.jeffersonswheel.org/2013/10.html]
[www.jeffersonswheel.org/2013/engineering-cryptosystems.html]
[www.jeffersonswheel.org/2013/explicating-sdks.html]
[www.jeffersonswheel.org/2013/06.html]
[www.jeffersonswheel.org/2013/symmetric-cut-and-choose.html]
[www.jeffersonswheel.org/2013/congratulations-srg-graduates.html]
[www.jeffersonswheel.org/2013/stephen-colbert-on-jeffersons-wheel.html]
[www.jeffersonswheel.org/2013/congratulations-jonathan.html]
[www.jeffersonswheel.org/2013/05.html]
[www.jeffersonswheel.org/2013/moocs-koocs-and-smoochs.html]
[www.jeffersonswheel.org/2013/04.html]
[www.jeffersonswheel.org/2013/trusted-password-entry.html]
[www.jeffersonswheel.org/2013/03.html]
[www.jeffersonswheel.org/2013/circuit-structures-for-improving-efficiency-of-security-and-privacy-tools.html]
[www.jeffersonswheel.org/2013/cs101-one-year-later.html]
[www.jeffersonswheel.org/images/dorina-cs101.jpg]
[www.jeffersonswheel.org/2013/02.html]
[www.jeffersonswheel.org/2012/08.html]
[www.jeffersonswheel.org/2012/the-power-of-computing.html]
[www.jeffersonswheel.org/2012/silver-bullet-interview.html]
[www.jeffersonswheel.org/2012/07.html]
[www.jeffersonswheel.org/2012/professors-without-borders.html]
[www.jeffersonswheel.org/2012/03.html]
[www.jeffersonswheel.org/2012/quid-pro-quo-tocols-strengthening-semi-honest-protocols-with-dual-executionquid-pro-quo-tocols-strengthening-semi-honest-protocols-with-dual-execution.html]
[www.jeffersonswheel.org/2012/02.html]
[www.jeffersonswheel.org/2012/austin-devinney-featured-in-radford-news.html]
[www.jeffersonswheel.org/2012/01.html]
[www.jeffersonswheel.org/2012/university-of-richmond-talk.html]
[www.jeffersonswheel.org/2011/karstens-gsm-studies.html]
[www.jeffersonswheel.org/2011/12.html]
[www.jeffersonswheel.org/2011/iciss-keynote.html]
[www.jeffersonswheel.org/2011/congratulations-to-jiamin-and-peter.html]
[www.jeffersonswheel.org/wp-content/uploads/2011/11/cra2006.gif]
[www.jeffersonswheel.org/2011/private-set-intersection.html]
[www.jeffersonswheel.org/2011/efficient-secure-computation-with-garbled-circuits.html]
[www.jeffersonswheel.org/2011/steve-huffman-visit.html]
[www.jeffersonswheel.org/wp-content/uploads/2011/11/IMG_7093.jpg]
[www.jeffersonswheel.org/wp-content/uploads/2011/11/IMG_7093-1024x672.jpg]
[www.jeffersonswheel.org/wp-content/uploads/2011/11/IMG_7094.jpg]
[www.jeffersonswheel.org/wp-content/uploads/2011/11/IMG_7094-1024x847.jpg]
[www.jeffersonswheel.org/2011/11.html]
[www.jeffersonswheel.org/2011/talk-on-talks.html]
[www.jeffersonswheel.org/2011/nyu-poly-att-applied-security-paper-finalist.html]
[www.jeffersonswheel.org/2011/peter-chapmans-ccs-talk-on-side-channel-analysis-and-guinness.html]
[www.jeffersonswheel.org/2011/side-channel-analysis-paper.html]
[www.jeffersonswheel.org/2011/uva-today-story-on-secure-computation.html]
[www.jeffersonswheel.org/images/yanabhidave.png]
[www.jeffersonswheel.org/images/yanabhidave-small.png]
[www.jeffersonswheel.org/2011/10.html]
[www.jeffersonswheel.org/2011/auditing-information-leakage-talk.html]
[www.jeffersonswheel.org/2011/talk-to-new-graduate-students.html]
[www.jeffersonswheel.org/2011/computer-criminals.html]
[www.jeffersonswheel.org/wp-content/uploads/2011/09/cybercriminals.jpg]
[www.jeffersonswheel.org/wp-content/uploads/2011/09/cybercriminals-1024x715.jpg]
[www.jeffersonswheel.org/2011/esorics-talk.html]
[www.jeffersonswheel.org/images/ESORICS_Zhou_Evans.pdf]
[www.jeffersonswheel.org/images/ESORICS_Zhou_Evans.png]
[www.jeffersonswheel.org/2011/09.html]
[www.jeffersonswheel.org/2011/08/page/2.html]
[www.jeffersonswheel.org/2011/secure-computation-kickoff.html]
[www.jeffersonswheel.org/2011/rice-hall.html]
[www.jeffersonswheel.org/2011/auditing-information-leakage-for-distance-metrics.html]
[www.jeffersonswheel.org/2011/proxino-launched.html]
[www.jeffersonswheel.org/2011/usenix-security-videos.html]
[www.jeffersonswheel.org/2011/forbes-interview-with-karsten-nohl.html]
[www.jeffersonswheel.org/2011/faster-secure-two-party-computation-using-garbled-circuits-talk.html]
[www.jeffersonswheel.org/images/yan-talk.png]
[www.jeffersonswheel.org/images/yan-talk-small.png]
[www.jeffersonswheel.org/2011/hoos-at-usenix.html]
[www.jeffersonswheel.org/images/grouplunch/hoos-at-usenix.png]
[www.jeffersonswheel.org/images/grouplunch/hoos-at-usenix-small.png]
[www.jeffersonswheel.org/images/grouplunch/hoos-with-me.png]
[www.jeffersonswheel.org/images/grouplunch/hoos-with-me-smaller.png]
[www.jeffersonswheel.org/2011/usenix-security-posters.html]
[www.jeffersonswheel.org/images/postersession/koo.jpg]
[www.jeffersonswheel.org/images/postersession/koo-small.jpg]
[www.jeffersonswheel.org/images/postersession/brittanyjiamin1.jpg]
[www.jeffersonswheel.org/images/postersession/brittanyjiamin1-small.jpg]
[www.jeffersonswheel.org/images/postersession/brittanyjiamin2.jpg]
[www.jeffersonswheel.org/images/postersession/brittanyjiamin2-small.jpg]
[www.jeffersonswheel.org/images/postersession/austin.jpg]
[www.jeffersonswheel.org/images/postersession/austin-small.jpg]
[www.jeffersonswheel.org/images/postersession/samee.jpg]
[www.jeffersonswheel.org/images/postersession/samee-small.jpg]
[www.jeffersonswheel.org/2011/08.html]
[www.jeffersonswheel.org/2011/nineteenth-century-perfect-ciphers.html]
[www.jeffersonswheel.org/2011/07.html]
[www.jeffersonswheel.org/2011/privacy-preserving-applications-on-smartphones.html]
[www.jeffersonswheel.org/2011/private-editing-talk.html]
[www.jeffersonswheel.org/2011/usenix-webapps-presentation.html]
[www.jeffersonswheel.org/2011/protecting-private-web-content-from-embedded-scripts.html]
[www.jeffersonswheel.org/2011/06.html]
[www.jeffersonswheel.org/2011/secure-computation-framework.html]
[www.jeffersonswheel.org/2011/science-of-security.html]
[www.jeffersonswheel.org/2011/secure-computation-on-smartphones.html]
[www.jeffersonswheel.org/2011/private-editing-using-untrusted-cloud-services.html]
[www.jeffersonswheel.org/2011/05.html]
[www.jeffersonswheel.org/2011/usenix-webapps-paper.html]
[www.jeffersonswheel.org/2011/bbc-on-karstens-gsm-hacks.html]
[www.jeffersonswheel.org/2011/guardrails-now-available.html]
[www.jeffersonswheel.org/2011/talk-on-secure-computation-in-the-realish-world.html]
[www.jeffersonswheel.org/2011/faster-secure-two-party-computation-using-garbled-circuits.html]
[www.jeffersonswheel.org/2011/04.html]
[www.jeffersonswheel.org/2011/uvers-poster.html]
[www.jeffersonswheel.org/2011/03.html]
[www.jeffersonswheel.org/2011/guardrails-at-rubynation.html]
[www.jeffersonswheel.org/2011/02.html]
[www.jeffersonswheel.org/2011/lattice-ciphers-for-rfid.html]
[www.jeffersonswheel.org/2010/car-immobilizers.html]
[www.jeffersonswheel.org/2010/12.html]
[www.jeffersonswheel.org/2010/secure-biometrics.html]
[www.jeffersonswheel.org/2010/11.html]
[www.jeffersonswheel.org/2010/guardrails-at-owasp-appsec-dc.html]
[www.jeffersonswheel.org/2010/09.html]
[www.jeffersonswheel.org/2010/deutsche-post-security-cup.html]
[www.jeffersonswheel.org/2010/05.html]
[www.jeffersonswheel.org/2010/why-arent-http-only-cookies-more-widely-deployed.html]
[www.jeffersonswheel.org/2010/04.html]
[www.jeffersonswheel.org/2010/scientists-work-to-keep-hackers-out-of-implanted-medical-devices.html]
[www.jeffersonswheel.org/2010/02.html]
[www.jeffersonswheel.org/2010/oakland-2010-papers.html]
[www.jeffersonswheel.org/2009/hacking-the-world-cup-draw.html]
[www.jeffersonswheel.org/2009/oakland-2010-update.html]
[www.jeffersonswheel.org/2009/12.html]
[www.jeffersonswheel.org/2009/open-source-gsm-hacking.html]
[www.jeffersonswheel.org/2009/09.html]
[www.jeffersonswheel.org/2009/a-belated-apology-to-alan-turing.html]
[www.jeffersonswheel.org/2009/oakland-2010-call-for-papers.html]
[www.jeffersonswheel.org/2009/07.html]
[www.jeffersonswheel.org/2009/to-facebook-or-not-to-facebook.html]
[www.jeffersonswheel.org/2009/05.html]
[www.jeffersonswheel.org/2009/how-facebook-mucks-up-office-life.html]
[www.jeffersonswheel.org/2009/nsf-graduate-fellowships.html]
[www.jeffersonswheel.org/2009/dagstuhl-web-application-security-seminar.html]
[www.jeffersonswheel.org/2009/04.html]
[www.jeffersonswheel.org/2009/the-queens-ipod.html]
[www.jeffersonswheel.org/2009/03.html]
[www.jeffersonswheel.org/2009/new-york-times-when-everyone’s-a-friend-is-anything-private.html]
[www.jeffersonswheel.org/2009/welcome-randolph-yu-yao.html]
[www.jeffersonswheel.org/2009/grown-up-digital.html]
[www.jeffersonswheel.org/2009/02.html]
[www.jeffersonswheel.org/2009/technology-review-rfids-security-problem.html]
[www.jeffersonswheel.org/2009/oakland-accepted-papers-posted.html]
[www.jeffersonswheel.org/2009/outstanding-faculty-award.html]
[www.jeffersonswheel.org/2009/safety-vs-ideals.html]
[www.jeffersonswheel.org/2009/congratulations-dr-mccune.html]
[www.jeffersonswheel.org/2009/barkers-gift-funds-chip-research.html]
[www.jeffersonswheel.org/2009/01.html]
[www.jeffersonswheel.org/2009/uva-team-receives-1-million-grant-to-improve-rfid-security.html]
[www.jeffersonswheel.org/2008/12.html]
[www.jeffersonswheel.org/2008/uvas-most-popular-stories-of-2008.html]
[www.jeffersonswheel.org/2008/science-of-security-workshop.html]
[www.jeffersonswheel.org/2008/guest-post-a-whole-new-meaning-to-viral-marketing.html]
[www.jeffersonswheel.org/cdn-cgi/l/email-protection.html]
[www.jeffersonswheel.org/cdn-cgi/scripts/5c5dd728/cloudflare-static/email-decode.min.js]
[www.jeffersonswheel.org/2008/11.html]
[www.jeffersonswheel.org/2008/technology-review-how-smart-is-a-smart-card.html]
[www.jeffersonswheel.org/1108-Hack-D_x600.jpg]
[www.jeffersonswheel.org/2008/what-should-i-read-next.html]
[www.jeffersonswheel.org/2008/71]
[www.jeffersonswheel.org/2008/10.html]
[www.jeffersonswheel.org/2008/privacy-and-security-issues-in-social-networking.html]
[www.jeffersonswheel.org/2008/09.html]
[www.jeffersonswheel.org/2008/bold-security-claims-about-pufs-on-rfid.html]
[www.jeffersonswheel.org/2008/oakland-cfp-now-available.html]
[www.jeffersonswheel.org/2008/online-friends-at-what-price.html]
[www.jeffersonswheel.org/2008/students-get-crash-course-in-sciences-at-uva-camp.html]
[www.jeffersonswheel.org/2008/07.html]
[www.jeffersonswheel.org/2008/nxp-lawsuit.html]
[www.jeffersonswheel.org/2008/credit-cards-stolen-without-leaving-wallet.html]
[www.jeffersonswheel.org/2008/more-news-about-adrienne-felts-facebook-privacy-work.html]
[www.jeffersonswheel.org/2008/06.html]
[www.jeffersonswheel.org/2008/interview-on-program-analysis-tools.html]
[www.jeffersonswheel.org/2008/facebook-vulnerable-to-serious-xss-attack.html]
[www.jeffersonswheel.org/2008/reverse-engineering-a-cryptographic-rfid-tag.html]
[www.jeffersonswheel.org/2008/congratulations-dr-paul.html]
[www.jeffersonswheel.org/2008/05.html]
[www.jeffersonswheel.org/2008/w2sp-paper-privacy-protection-for-social-networking-platforms.html]
[www.jeffersonswheel.org/2008/hiding-in-groups.html]
[www.jeffersonswheel.org/2008/social-networking-applications-can-pose-security-risks.html]
[www.jeffersonswheel.org/2008/cs201-bill-gates-and-intelligent-design.html]
[www.jeffersonswheel.org/2008/award-winners.html]
[www.jeffersonswheel.org/2008/crypto-1-cryptanalysis-coverage.html]
[www.jeffersonswheel.org/2008/dutch-ov-cards-weaknesses-confirmed.html]
[www.jeffersonswheel.org/2008/new-attack-on-crypto-1-mifare-plus-still-secure.html]
[www.jeffersonswheel.org/2008/faith-based-security.html]
[www.jeffersonswheel.org/2008/nfc-phones-next-hacker-target.html]
[www.jeffersonswheel.org/2008/04.html]
[www.jeffersonswheel.org/2008/nxp-rfid-encryption-cracked.html]
[www.jeffersonswheel.org/2008/03/page/2.html]
[www.jeffersonswheel.org/2008/hackers-target-facebook-applications.html]
[www.jeffersonswheel.org/2008/secureid-podcast-interviews-with-nohl-and-nxp.html]
[www.jeffersonswheel.org/2008/talks-on-hardware-security.html]
[www.jeffersonswheel.org/2008/21-opens-march-28.html]
[www.jeffersonswheel.org/2008/how-they-hacked-it-the-mifare-rfid-crack-explained.html]
[www.jeffersonswheel.org/2008/hacked-rfids-render-smart-cards-less-smarter.html]
[www.jeffersonswheel.org/2008/talking-to-strangers-without-taking-their-candy-isolating-proxied-content.html]
[www.jeffersonswheel.org/2008/nxp-statements.html]
[www.jeffersonswheel.org/2008/rfid-journal-nxp-announces-new-more-secure-chip-for-transport-access-cards.html]
[www.jeffersonswheel.org/2008/03.html]
[www.jeffersonswheel.org/2008/dsn-paper-available-security-through-redundant-data-diversity.html]
[www.jeffersonswheel.org/2008/02/page/2.html]
[www.jeffersonswheel.org/2008/daily-progress-security-code-easy-hacking-for-uva-student.html]
[www.jeffersonswheel.org/2008/group-demonstrates-security-hole-in-worlds-most-popular-smartcard.html]
[www.jeffersonswheel.org/2008/frozen-in-memory.html]
[www.jeffersonswheel.org/2008/what-every-human-should-know-about-security.html]
[www.jeffersonswheel.org/2008/cmu-study-shows-dangers-in-facebook-apps.html]
[www.jeffersonswheel.org/2008/should-facebook-preemptively-protect-users-against-rogue-apps.html]
[www.jeffersonswheel.org/2008/harvard-crimson-study-finds-privacy-lapse-in-facebook-apps.html]
[www.jeffersonswheel.org/2008/slashdotted-facebook-platform-privacy.html]
[www.jeffersonswheel.org/2008/adrienne-felt-interviewed-on-utah-npr.html]
[www.jeffersonswheel.org/2008/02.html]
[www.jeffersonswheel.org/2008/voting-machines-and-secret-recounts.html]
[www.jeffersonswheel.org/2008/dark-reading.html]
[www.jeffersonswheel.org/2008/uva-today-article-on-facebook-privacy-work.html]
[www.jeffersonswheel.org/2008/mifare-cipher-exposed.html]
[www.jeffersonswheel.org/2008/01.html]
[www.jeffersonswheel.org/2018/artificial-intelligence-the-new-ghost-in-the-machine.html]
[www.jeffersonswheel.org/2008/facebook-privacy.html]
[www.jeffersonswheel.org/category/adversarial-machine-learning/feed]
[www.jeffersonswheel.org/category/adversarial-machine-learning.html]
[www.jeffersonswheel.org/category/adversarial-machine-learning/page/2.html]
[www.jeffersonswheel.org/category/research/feed]
[www.jeffersonswheel.org/category/research.html]
[www.jeffersonswheel.org/category/research/page/2.html]
[www.jeffersonswheel.org/category/talks/feed]
[www.jeffersonswheel.org/category/talks.html]
[www.jeffersonswheel.org/2018/violations-of-childrens-privacy-laws.html]
[www.jeffersonswheel.org/category/talks/page/2.html]
[www.jeffersonswheel.org/category/alumni/feed]
[www.jeffersonswheel.org/category/alumni.html]
[www.jeffersonswheel.org/category/alumni/page/2.html]
[www.jeffersonswheel.org/category/news/feed]
[www.jeffersonswheel.org/category/news.html]
[www.jeffersonswheel.org/category/news/page/2.html]
[www.jeffersonswheel.org/category/privacy/feed]
[www.jeffersonswheel.org/category/privacy.html]
[www.jeffersonswheel.org/2018/usenix-security-2018.html]
[www.jeffersonswheel.org/category/privacy/page/2.html]
[www.jeffersonswheel.org/category/conferences/feed]
[www.jeffersonswheel.org/category/conferences.html]
[www.jeffersonswheel.org/2018/mutually-assured-destruction-and-the-impending-ai-apocalypse.html]
[www.jeffersonswheel.org/category/conferences/page/2.html]
[www.jeffersonswheel.org/category/security/feed]
[www.jeffersonswheel.org/category/security.html]
[www.jeffersonswheel.org/2018/dependable-and-secure-machine-learning.html]
[www.jeffersonswheel.org/category/security/page/2.html]
[www.jeffersonswheel.org/category/machine-learning.html]
[www.jeffersonswheel.org/2018/cybersecurity-summer-camp.html]
[www.jeffersonswheel.org/category/machine-learning/feed]
[www.jeffersonswheel.org/category/teaching/feed]
[www.jeffersonswheel.org/category/teaching.html]
[www.jeffersonswheel.org/2018/dls-keynote-is-adversarial-examples-an-adversarial-example.html]
[www.jeffersonswheel.org/2018/srg-at-ieee-sp-2018.html]
[www.jeffersonswheel.org/category/teaching/page/2.html]
[www.jeffersonswheel.org/category/pictures.html]
[www.jeffersonswheel.org/2018/huawei-stw-lessons-from-the-last-3000-years-of-adversarial-examples.html]
[www.jeffersonswheel.org/category/pictures/feed]
[www.jeffersonswheel.org/2018/feature-squeezing-at-ndss.html]
[www.jeffersonswheel.org/page/2.html]
[www.jeffersonswheel.org/page/3.html]
[www.jeffersonswheel.org/awards/feed]
[www.jeffersonswheel.org/awards.html]
[www.jeffersonswheel.org/2018.html]
[www.jeffersonswheel.org/about.html]
[www.jeffersonswheel.org/2017.html]
[www.jeffersonswheel.org/2017/page/2.html]
[www.jeffersonswheel.org/2016.html]
[www.jeffersonswheel.org/2016/page/2.html]
[www.jeffersonswheel.org/2015.html]
[www.jeffersonswheel.org/2015/page/2.html]
[www.jeffersonswheel.org/2014/page/2.html]
[www.jeffersonswheel.org/www.amazon.com/gp/product/1495944980]
[www.jeffersonswheel.org/2014.html]
[www.jeffersonswheel.org/2013.html]
[www.jeffersonswheel.org/2012.html]
[www.jeffersonswheel.org/2013/page/2.html]
[www.jeffersonswheel.org/2011.html]
[www.jeffersonswheel.org/2010.html]
[www.jeffersonswheel.org/2011/page/2.html]
[www.jeffersonswheel.org/2009.html]
[www.jeffersonswheel.org/2009/page/2.html]
[www.jeffersonswheel.org/2008.html]
[www.jeffersonswheel.org/2008/page/2.html]
[www.jeffersonswheel.org/category/awards/feed]
[www.jeffersonswheel.org/category/awards.html]
[www.jeffersonswheel.org/category/awards/page/2.html]
[www.jeffersonswheel.org/category/childrens-books/feed]
[www.jeffersonswheel.org/category/www.amazon.com/gp/product/1495944980]
[www.jeffersonswheel.org/category/childrens-books.html]
[www.jeffersonswheel.org/category/contests.html]
[www.jeffersonswheel.org/category/contests/feed]
[www.jeffersonswheel.org/category/cryptocurrency.html]
[www.jeffersonswheel.org/category/cryptocurrency/feed]
[www.jeffersonswheel.org/category/cryptography/feed]
[www.jeffersonswheel.org/category/cryptography.html]
[www.jeffersonswheel.org/category/cryptography/page/2.html]
[www.jeffersonswheel.org/category/disk-processing.html]
[www.jeffersonswheel.org/category/disk-processing/feed]
[www.jeffersonswheel.org/category/guardrails.html]
[www.jeffersonswheel.org/category/guardrails/feed]
[www.jeffersonswheel.org/category/history.html]
[www.jeffersonswheel.org/category/history/feed]
[www.jeffersonswheel.org/category/medical-devices.html]
[www.jeffersonswheel.org/category/medical-devices/feed]
[www.jeffersonswheel.org/category/movies.html]
[www.jeffersonswheel.org/category/movies/feed]
[www.jeffersonswheel.org/category/papers/feed]
[www.jeffersonswheel.org/category/papers.html]
[www.jeffersonswheel.org/category/papers/page/2.html]
[www.jeffersonswheel.org/category/passwords.html]
[www.jeffersonswheel.org/category/passwords/feed]
[www.jeffersonswheel.org/category/personal-assistant.html]
[www.jeffersonswheel.org/category/personal-assistant/feed]
[www.jeffersonswheel.org/category/politics.html]
[www.jeffersonswheel.org/category/politics/feed]
[www.jeffersonswheel.org/category/program-analysis.html]
[www.jeffersonswheel.org/category/program-analysis/feed]
[www.jeffersonswheel.org/category/rfid/feed]
[www.jeffersonswheel.org/category/rfid.html]
[www.jeffersonswheel.org/category/rfid/page/2.html]
[www.jeffersonswheel.org/category/secure-computation/feed]
[www.jeffersonswheel.org/category/secure-computation.html]
[www.jeffersonswheel.org/category/secure-computation/page/2.html]
[www.jeffersonswheel.org/category/side-channel-analysis.html]
[www.jeffersonswheel.org/category/side-channel-analysis/feed]
[www.jeffersonswheel.org/category/smartphones/feed]
[www.jeffersonswheel.org/2011/wireless-data-vulnerabilities.html]
[www.jeffersonswheel.org/category/smartphones.html]
[www.jeffersonswheel.org/2011/hotsec-2011.html]
[www.jeffersonswheel.org/category/social-networks/feed]
[www.jeffersonswheel.org/category/social-networks.html]
[www.jeffersonswheel.org/category/social-networks/page/2.html]
[www.jeffersonswheel.org/category/software-engineering.html]
[www.jeffersonswheel.org/category/software-engineering/feed]
[www.jeffersonswheel.org/category/startups.html]
[www.jeffersonswheel.org/category/startups/feed]
[www.jeffersonswheel.org/category/uncategorized.html]
[www.jeffersonswheel.org/category/uncategorized/feed]
[www.jeffersonswheel.org/category/usb.html]
[www.jeffersonswheel.org/category/usb/feed]
[www.jeffersonswheel.org/category/voting.html]
[www.jeffersonswheel.org/category/voting/feed]
[www.jeffersonswheel.org/category/web-security/feed]
[www.jeffersonswheel.org/category/web-security.html]
[www.jeffersonswheel.org/2017/why-hasnt-cross-site-scripting-been-solved.html]
[www.jeffersonswheel.org/2017/muzzammil-zaveri-on-forbes-30-under-30.html]
[www.jeffersonswheel.org/2017/letter-to-dhs.html]
[www.jeffersonswheel.org/category/web-security/page/2.html]
[www.jeffersonswheel.org/2017/highlights-from-ccs-2017.html]
[www.jeffersonswheel.org/2017/first-workshop-for-women-in-cybersecurity.html]
[www.jeffersonswheel.org/2017/alumna-turned-internet-security-expert-listed-among-nations-top-young-innovators.html]
[www.jeffersonswheel.org/2017/srg-at-usenix-security-2017.html]
[www.jeffersonswheel.org/2017/in-the-red-corner.html]
[www.jeffersonswheel.org/2017/cispa-distinguished-lecture.html]
[www.jeffersonswheel.org/2017/horcrux-is-a-password-manager-designed-for-security-and-paranoid-users.html]
[www.jeffersonswheel.org/2017/secure-multi-party-computation-promises-protocols-and-practicalities.html]
[www.jeffersonswheel.org/2017/adversarial-machine-learning-are-we-playing-the-wrong-game.html]
[www.jeffersonswheel.org/2017/modest-proposals-for-google.html]
[www.jeffersonswheel.org/2016/ndss-talk-automatically-evading-classifiers-including-gmails.html]
[www.jeffersonswheel.org/2017/feature-squeezing-detecting-adversarial-examples.html]
[www.jeffersonswheel.org/2017/enigma-2017-talk-classifiers-under-attack.html]
[www.jeffersonswheel.org/2017/ccs-2017.html]
[www.jeffersonswheel.org/2017/growth-of-mpc-research.html]
[www.jeffersonswheel.org/2016/aggregating-private-sparse-learning-models-using-multi-party-computation.html]
[www.jeffersonswheel.org/2016/oreilly-security-2016-classifiers-under-attack.html]
[www.jeffersonswheel.org/2016/demystifying-the-blockchain-hype.html]
[www.jeffersonswheel.org/2016/secure-stable-matching-at-scale.html]
[www.jeffersonswheel.org/2016/ftc-visit.html]
[www.jeffersonswheel.org/2016/private-multi‑party-machine-learning.html]
[www.jeffersonswheel.org/2016/insecure-by-default-authentication-services-in-popular-web-frameworks.html]
[www.jeffersonswheel.org/2016/open-source-echo.html]
[www.jeffersonswheel.org/2016/shanghaitech-symposium.html]
[www.jeffersonswheel.org/2016/aarhus-workshop-on-theory-and-practice-of-secure-multiparty-computation.html]
[www.jeffersonswheel.org/2016/srg-at-oakland-2016.html]
[www.jeffersonswheel.org/2016/summer-school-at-notre-dame.html]
[www.jeffersonswheel.org/2016/srg-graduates-lunch.html]
[www.jeffersonswheel.org/2016/tracking-congressional-phones.html]
[www.jeffersonswheel.org/2016/an-exercise-in-password-security-went-terribly-wrong-security-experts-say.html]
[www.jeffersonswheel.org/2016/spectra-articles-privacy-preserving-regression-and-ombuds.html]
[www.jeffersonswheel.org/2016/apple-and-the-fbi.html]
[www.jeffersonswheel.org/2016/weilins-summer-of-code.html]
[www.jeffersonswheel.org/2015/latest-from-karsten-nohl-pos-security.html]
[www.jeffersonswheel.org/2015/dormant-malicious-code-discovered-on-thousands-of-websites.html]
[www.jeffersonswheel.org/2015/evading-machine-learning-classifiers.html]
[www.jeffersonswheel.org/2015/computer-science-grad-stands-watch-for-users-of-googles-popular-browser.html]
[www.jeffersonswheel.org/2015/trick-or-treat-bitcoin-for-non-believers-cryptocurrencies-for-cypherpunks.html]
[www.jeffersonswheel.org/2015/karsten-nohl-interview.html]
[www.jeffersonswheel.org/2015/usenix-phd-forum-talk-how-to-live-in-paradise.html]
[www.jeffersonswheel.org/2015/crossing.html]
[www.jeffersonswheel.org/2015/srg-at-oakland-2015.html]
[www.jeffersonswheel.org/2015/graduates-lunch.html]
[www.jeffersonswheel.org/2015/congratulations-samee-zahur-2.html]
[www.jeffersonswheel.org/2015/congratulations-dr-zhou.html]
[www.jeffersonswheel.org/2015/understanding-and-monitoring-embedded-web-scripts.html]
[www.jeffersonswheel.org/2015/who-does-the-autopsy.html]
[www.jeffersonswheel.org/2015/idash-competition-winner.html]
[www.jeffersonswheel.org/2015/giving-web-developers-tools-to-protect-their-sites-and-users.html]
[www.jeffersonswheel.org/2015/gogos-fake-ssl-certificates.html]
[www.jeffersonswheel.org/2014/updates-from-karstens-badusb.html]
[www.jeffersonswheel.org/2014/hacker-school-talk-what-every-hacker-should-know-about-theory-of-computation.html]
[www.jeffersonswheel.org/2014/twitter-single-sign-on.html]
[www.jeffersonswheel.org/2014/two-halves-make-a-whole.html]
[www.jeffersonswheel.org/2014/congratulations-professor-huang.html]
[www.jeffersonswheel.org/2014/ssoscan-automated-testing-of-web-applications-for-single-sign-on-vulnerabilities.html]
[www.jeffersonswheel.org/2014/congratulations-samee-zahur.html]
[www.jeffersonswheel.org/2014/congratulations-yuchen.html]
[www.jeffersonswheel.org/2014/multi-party-computation-in-2029.html]
[www.jeffersonswheel.org/2014/dori-mic-and-the-universal-machine.html]
[www.jeffersonswheel.org/2014/www.amazon.com/gp/product/1495944980.html]
[www.jeffersonswheel.org/2014/new-years-lunch.html]
[www.jeffersonswheel.org/2013/karsten-nohl-visits-uva.html]
[www.jeffersonswheel.org/2013/engineering-cryptosystems.html]
[www.jeffersonswheel.org/2013/explicating-sdks.html]
[www.jeffersonswheel.org/2013/symmetric-cut-and-choose.html]
[www.jeffersonswheel.org/2013/congratulations-srg-graduates.html]
[www.jeffersonswheel.org/2013/stephen-colbert-on-jeffersons-wheel.html]
[www.jeffersonswheel.org/2013/congratulations-jonathan.html]
[www.jeffersonswheel.org/2013/moocs-koocs-and-smoochs.html]
[www.jeffersonswheel.org/2013/trusted-password-entry.html]
[www.jeffersonswheel.org/2013/circuit-structures-for-improving-efficiency-of-security-and-privacy-tools.html]
[www.jeffersonswheel.org/2013/cs101-one-year-later.html]
[www.jeffersonswheel.org/2012/the-power-of-computing.html]
[www.jeffersonswheel.org/2012/silver-bullet-interview.html]
[www.jeffersonswheel.org/2012/professors-without-borders.html]
[www.jeffersonswheel.org/2012/quid-pro-quo-tocols-strengthening-semi-honest-protocols-with-dual-executionquid-pro-quo-tocols-strengthening-semi-honest-protocols-with-dual-execution.html]
[www.jeffersonswheel.org/2012/austin-devinney-featured-in-radford-news.html]
[www.jeffersonswheel.org/2012/university-of-richmond-talk.html]
[www.jeffersonswheel.org/2011/karstens-gsm-studies.html]
[www.jeffersonswheel.org/2011/iciss-keynote.html]
[www.jeffersonswheel.org/2011/congratulations-to-jiamin-and-peter.html]
[www.jeffersonswheel.org/wp-content/uploads/2011/11/cra2006.html]
[www.jeffersonswheel.org/2011/private-set-intersection.html]
[www.jeffersonswheel.org/2011/efficient-secure-computation-with-garbled-circuits.html]
[www.jeffersonswheel.org/2011/steve-huffman-visit.html]
[www.jeffersonswheel.org/wp-content/uploads/2011/11/IMG_7093.html]
[www.jeffersonswheel.org/wp-content/uploads/2011/11/IMG_7093-1024x672.html]
[www.jeffersonswheel.org/wp-content/uploads/2011/11/IMG_7094.html]
[www.jeffersonswheel.org/wp-content/uploads/2011/11/IMG_7094-1024x847.html]
[www.jeffersonswheel.org/2011/talk-on-talks.html]
[www.jeffersonswheel.org/2011/nyu-poly-att-applied-security-paper-finalist.html]
[www.jeffersonswheel.org/2011/peter-chapmans-ccs-talk-on-side-channel-analysis-and-guinness.html]
[www.jeffersonswheel.org/2011/side-channel-analysis-paper.html]
[www.jeffersonswheel.org/2011/uva-today-story-on-secure-computation.html]
[www.jeffersonswheel.org/2011/auditing-information-leakage-talk.html]
[www.jeffersonswheel.org/2011/talk-to-new-graduate-students.html]
[www.jeffersonswheel.org/2011/computer-criminals.html]
[www.jeffersonswheel.org/wp-content/uploads/2011/09/cybercriminals.html]
[www.jeffersonswheel.org/wp-content/uploads/2011/09/cybercriminals-1024x715.html]
[www.jeffersonswheel.org/2011/esorics-talk.html]
[www.jeffersonswheel.org/images/ESORICS_Zhou_Evans.html]
[www.jeffersonswheel.org/2011/08/page/2.html]
[www.jeffersonswheel.org/2011/secure-computation-kickoff.html]
[www.jeffersonswheel.org/2011/rice-hall.html]
[www.jeffersonswheel.org/2011/auditing-information-leakage-for-distance-metrics.html]
[www.jeffersonswheel.org/2011/proxino-launched.html]
[www.jeffersonswheel.org/2011/usenix-security-videos.html]
[www.jeffersonswheel.org/2011/forbes-interview-with-karsten-nohl.html]
[www.jeffersonswheel.org/2011/faster-secure-two-party-computation-using-garbled-circuits-talk.html]
[www.jeffersonswheel.org/2011/hoos-at-usenix.html]
[www.jeffersonswheel.org/index44be.html]
[www.jeffersonswheel.org/indexc61d.html]
[www.jeffersonswheel.org/2011/usenix-security-posters.html]
[www.jeffersonswheel.org/2011/nineteenth-century-perfect-ciphers.html]
[www.jeffersonswheel.org/2011/privacy-preserving-applications-on-smartphones.html]
[www.jeffersonswheel.org/2011/private-editing-talk.html]
[www.jeffersonswheel.org/2011/usenix-webapps-presentation.html]
[www.jeffersonswheel.org/2011/protecting-private-web-content-from-embedded-scripts.html]
[www.jeffersonswheel.org/2011/secure-computation-framework.html]
[www.jeffersonswheel.org/2011/science-of-security.html]
[www.jeffersonswheel.org/2011/secure-computation-on-smartphones.html]
[www.jeffersonswheel.org/2011/private-editing-using-untrusted-cloud-services.html]
[www.jeffersonswheel.org/2011/usenix-webapps-paper.html]
[www.jeffersonswheel.org/2011/bbc-on-karstens-gsm-hacks.html]
[www.jeffersonswheel.org/2011/private-editing-using-untrusted-cloud-services/feed]
[www.jeffersonswheel.org/2011/guardrails-now-available.html]
[www.jeffersonswheel.org/2011/talk-on-secure-computation-in-the-realish-world.html]
[www.jeffersonswheel.org/2011/faster-secure-two-party-computation-using-garbled-circuits.html]
[www.jeffersonswheel.org/2011/uvers-poster.html]
[www.jeffersonswheel.org/2011/guardrails-at-rubynation.html]
[www.jeffersonswheel.org/2011/lattice-ciphers-for-rfid.html]
[www.jeffersonswheel.org/2010/car-immobilizers.html]
[www.jeffersonswheel.org/2010/secure-biometrics.html]
[www.jeffersonswheel.org/2010/guardrails-at-owasp-appsec-dc.html]
[www.jeffersonswheel.org/2010/deutsche-post-security-cup.html]
[www.jeffersonswheel.org/2010/why-arent-http-only-cookies-more-widely-deployed.html]
[www.jeffersonswheel.org/2010/scientists-work-to-keep-hackers-out-of-implanted-medical-devices.html]
[www.jeffersonswheel.org/2010/oakland-2010-papers.html]
[www.jeffersonswheel.org/2009/hacking-the-world-cup-draw.html]
[www.jeffersonswheel.org/2009/oakland-2010-update.html]
[www.jeffersonswheel.org/2009/open-source-gsm-hacking.html]
[www.jeffersonswheel.org/2009/hacking-the-world-cup-draw/feed]
[www.jeffersonswheel.org/2009/a-belated-apology-to-alan-turing.html]
[www.jeffersonswheel.org/2009/oakland-2010-call-for-papers.html]
[www.jeffersonswheel.org/2009/to-facebook-or-not-to-facebook.html]
[www.jeffersonswheel.org/2009/how-facebook-mucks-up-office-life.html]
[www.jeffersonswheel.org/2009/nsf-graduate-fellowships.html]
[www.jeffersonswheel.org/2009/dagstuhl-web-application-security-seminar.html]
[www.jeffersonswheel.org/2009/the-queens-ipod.html]
[www.jeffersonswheel.org/2009/new-york-times-when-everyone’s-a-friend-is-anything-private.html]
[www.jeffersonswheel.org/2009/welcome-randolph-yu-yao.html]
[www.jeffersonswheel.org/2009/the-queens-ipod/feed]
[www.jeffersonswheel.org/2009/grown-up-digital.html]
[www.jeffersonswheel.org/2009/technology-review-rfids-security-problem.html]
[www.jeffersonswheel.org/index8cae.html]
[www.jeffersonswheel.org/2009/oakland-accepted-papers-posted.html]
[www.jeffersonswheel.org/2009/outstanding-faculty-award.html]
[www.jeffersonswheel.org/2009/safety-vs-ideals.html]
[www.jeffersonswheel.org/2009/congratulations-dr-mccune.html]
[www.jeffersonswheel.org/2009/barkers-gift-funds-chip-research/feed]
[www.jeffersonswheel.org/2009/barkers-gift-funds-chip-research.html]
[www.jeffersonswheel.org/2009/uva-team-receives-1-million-grant-to-improve-rfid-security.html]
[www.jeffersonswheel.org/2008/uvas-most-popular-stories-of-2008.html]
[www.jeffersonswheel.org/2008/science-of-security-workshop.html]
[www.jeffersonswheel.org/2008/guest-post-a-whole-new-meaning-to-viral-marketing.html]
[www.jeffersonswheel.org/cdn-cgi/l/email-protection.html]
[www.jeffersonswheel.org/2008/technology-review-how-smart-is-a-smart-card.html]
[www.jeffersonswheel.org/2008/what-should-i-read-next.html]
[www.jeffersonswheel.org/2008/71.html]
[www.jeffersonswheel.org/index5c7e.html]
[www.jeffersonswheel.org/index7665.html]
[www.jeffersonswheel.org/2008/privacy-and-security-issues-in-social-networking.html]
[www.jeffersonswheel.org/2008/bold-security-claims-about-pufs-on-rfid.html]
[www.jeffersonswheel.org/2008/technology-review-how-smart-is-a-smart-card/feed]
[www.jeffersonswheel.org/2008/oakland-cfp-now-available.html]
[www.jeffersonswheel.org/2008/online-friends-at-what-price.html]
[www.jeffersonswheel.org/2008/students-get-crash-course-in-sciences-at-uva-camp.html]
[www.jeffersonswheel.org/2008/nxp-lawsuit.html]
[www.jeffersonswheel.org/2008/credit-cards-stolen-without-leaving-wallet.html]
[www.jeffersonswheel.org/2008/more-news-about-adrienne-felts-facebook-privacy-work.html]
[www.jeffersonswheel.org/2008/interview-on-program-analysis-tools.html]
[www.jeffersonswheel.org/2008/facebook-vulnerable-to-serious-xss-attack.html]
[www.jeffersonswheel.org/2008/reverse-engineering-a-cryptographic-rfid-tag.html]
[www.jeffersonswheel.org/2008/congratulations-dr-paul.html]
[www.jeffersonswheel.org/2008/w2sp-paper-privacy-protection-for-social-networking-platforms.html]
[www.jeffersonswheel.org/2008/hiding-in-groups.html]
[www.jeffersonswheel.org/2008/social-networking-applications-can-pose-security-risks.html]
[www.jeffersonswheel.org/2008/cs201-bill-gates-and-intelligent-design.html]
[www.jeffersonswheel.org/2008/award-winners.html]
[www.jeffersonswheel.org/2008/crypto-1-cryptanalysis-coverage.html]
[www.jeffersonswheel.org/2008/cs201-bill-gates-and-intelligent-design/feed]
[www.jeffersonswheel.org/2008/dutch-ov-cards-weaknesses-confirmed.html]
[www.jeffersonswheel.org/2008/new-attack-on-crypto-1-mifare-plus-still-secure.html]
[www.jeffersonswheel.org/2008/faith-based-security.html]
[www.jeffersonswheel.org/2008/nfc-phones-next-hacker-target.html]
[www.jeffersonswheel.org/2008/nxp-rfid-encryption-cracked.html]
[www.jeffersonswheel.org/2008/faith-based-security/feed]
[www.jeffersonswheel.org/2008/03/page/3.html]
[www.jeffersonswheel.org/2008/interview-karsten-nohl-mifare-classic-researcher-speaks-up.html]
[www.jeffersonswheel.org/2008/cra-outstanding-undergraduate-awards.html]
[www.jeffersonswheel.org/2008/london-tube-smartcard-cracked.html]
[www.jeffersonswheel.org/2008/rfid-hack-could-crack-open-2-billion-smart-cards.html]
[www.jeffersonswheel.org/2008/nxp-reacts-to-our-research.html]
[www.jeffersonswheel.org/2008/police-using-oyster-card-data.html]
[www.jeffersonswheel.org/2008/microscope-wielding-boffins-crack-tube-smartcard.html]
[www.jeffersonswheel.org/2008/clarifications-on-smartcard-work.html]
[www.jeffersonswheel.org/2008/hackers-find-a-way-to-crack-popular-smartcard-in-minutes.html]
[www.jeffersonswheel.org/2008/03/page/2.html]
[www.jeffersonswheel.org/2008/hackers-target-facebook-applications.html]
[www.jeffersonswheel.org/2008/secureid-podcast-interviews-with-nohl-and-nxp.html]
[www.jeffersonswheel.org/2008/talks-on-hardware-security.html]
[www.jeffersonswheel.org/2008/boston-herald-charliecard-is-far-from-hack-proof.html]
[www.jeffersonswheel.org/2008/21-opens-march-28.html]
[www.jeffersonswheel.org/2008/how-they-hacked-it-the-mifare-rfid-crack-explained.html]
[www.jeffersonswheel.org/2008/hacked-rfids-render-smart-cards-less-smarter.html]
[www.jeffersonswheel.org/2008/talking-to-strangers-without-taking-their-candy-isolating-proxied-content.html]
[www.jeffersonswheel.org/2008/nxp-statements.html]
[www.jeffersonswheel.org/2008/rfid-journal-nxp-announces-new-more-secure-chip-for-transport-access-cards.html]
[www.jeffersonswheel.org/2008/dsn-paper-available-security-through-redundant-data-diversity.html]
[www.jeffersonswheel.org/2008/study-raises-new-privacy-concerns-about-facebook.html]
[www.jeffersonswheel.org/2008/acm-technews-university-of-virginia-engineering-school-student-probes-facebooks-vulnerabilities.html]
[www.jeffersonswheel.org/2008/02/page/2.html]
[www.jeffersonswheel.org/2008/facebook-platform-privacy-risks-on-wcav.html]
[www.jeffersonswheel.org/2008/daily-progress-security-code-easy-hacking-for-uva-student.html]
[www.jeffersonswheel.org/2008/group-demonstrates-security-hole-in-worlds-most-popular-smartcard.html]
[www.jeffersonswheel.org/2008/frozen-in-memory.html]
[www.jeffersonswheel.org/2008/privacy-security-and-social-networking-apis.html]
[www.jeffersonswheel.org/2008/what-every-human-should-know-about-security.html]
[www.jeffersonswheel.org/2008/cmu-study-shows-dangers-in-facebook-apps.html]
[www.jeffersonswheel.org/2008/should-facebook-preemptively-protect-users-against-rogue-apps.html]
[www.jeffersonswheel.org/2008/harvard-crimson-study-finds-privacy-lapse-in-facebook-apps.html]
[www.jeffersonswheel.org/2008/slashdotted-facebook-platform-privacy.html]
[www.jeffersonswheel.org/2008/adrienne-felt-interviewed-on-utah-npr.html]
[www.jeffersonswheel.org/2008/voting-machines-and-secret-recounts.html]
[www.jeffersonswheel.org/2008/dark-reading.html]
[www.jeffersonswheel.org/2008/uva-today-article-on-facebook-privacy-work.html]
[www.jeffersonswheel.org/2008/mifare-cipher-exposed.html]
[www.jeffersonswheel.org/2008/facebook-privacy.html]
[www.jeffersonswheel.org/index76da.html]
[www.jeffersonswheel.org/category/adversarial-machine-learning/page/2.html]
[www.jeffersonswheel.org/category/research/page/2.html]
[www.jeffersonswheel.org/category/research/page/3.html]
[www.jeffersonswheel.org/category/talks/page/2.html]
[www.jeffersonswheel.org/indexf45d.html]
[www.jeffersonswheel.org/category/alumni/page/2.html]
[www.jeffersonswheel.org/category/talks/page/3.html]
[www.jeffersonswheel.org/category/news/page/2.html]
[www.jeffersonswheel.org/category/privacy/page/2.html]
[www.jeffersonswheel.org/index2b62.html]
[www.jeffersonswheel.org/category/privacy/page/3.html]
[www.jeffersonswheel.org/category/conferences/page/2.html]
[www.jeffersonswheel.org/indexa34f.html]
[www.jeffersonswheel.org/category/conferences/page/3.html]
[www.jeffersonswheel.org/category/security/page/2.html]
[www.jeffersonswheel.org/index0d89.html]
[www.jeffersonswheel.org/index527a.html]
[www.jeffersonswheel.org/category/teaching/page/2.html]
[www.jeffersonswheel.org/index2cbe.html]
[www.jeffersonswheel.org/indexf573.html]
[www.jeffersonswheel.org/index4c3a.html]
[www.jeffersonswheel.org/index6a26.html]
[www.jeffersonswheel.org/category/security/page/3.html]
[www.jeffersonswheel.org/page/3.html]
[www.jeffersonswheel.org/page/4.html]
[www.jeffersonswheel.org/about.html]
[www.jeffersonswheel.org/2017/page/2.html]
[www.jeffersonswheel.org/2016/page/2.html]
[www.jeffersonswheel.org/2015/page/2.html]
[www.jeffersonswheel.org/about/feed]
[www.jeffersonswheel.org/2014/page/2.html]
[www.jeffersonswheel.org/www.amazon.com/gp/product/1495944980.html]
[www.jeffersonswheel.org/2013/page/2.html]
[www.jeffersonswheel.org/2011/page/2.html]
[www.jeffersonswheel.org/2009/page/2.html]
[www.jeffersonswheel.org/2011/page/3.html]
[www.jeffersonswheel.org/2008/page/2.html]
[www.jeffersonswheel.org/category/awards/page/2.html]
[www.jeffersonswheel.org/category/www.amazon.com/gp/product/1495944980.html]
[www.jeffersonswheel.org/2008/page/3.html]
[www.jeffersonswheel.org/category/cryptography/page/2.html]
[www.jeffersonswheel.org/category/cryptography/page/3.html]
[www.jeffersonswheel.org/category/papers/page/2.html]
[www.jeffersonswheel.org/category/papers/page/3.html]
[www.jeffersonswheel.org/category/rfid/page/2.html]
[www.jeffersonswheel.org/category/rfid/page/3.html]
[www.jeffersonswheel.org/category/secure-computation/page/2.html]
[www.jeffersonswheel.org/2011/wireless-data-vulnerabilities.html]
[www.jeffersonswheel.org/category/secure-computation/page/3.html]
[www.jeffersonswheel.org/2011/hotsec-2011.html]
[www.jeffersonswheel.org/category/social-networks/page/2.html]
[www.jeffersonswheel.org/category/social-networks/page/3.html]
[www.jeffersonswheel.org/category/web-security/page/2.html]
[www.jeffersonswheel.org/index0c04.html]
[www.jeffersonswheel.org/index7cb7.html]
[www.jeffersonswheel.org/index6fdb.html]
[www.jeffersonswheel.org/indexa3d8.html]
[www.jeffersonswheel.org/indexe398.html]
[www.jeffersonswheel.org/index8ae4.html]
[www.jeffersonswheel.org/index9628.html]
[www.jeffersonswheel.org/index3b2d.html]
[www.jeffersonswheel.org/index6d2c.html]
[www.jeffersonswheel.org/indexd4ce.html]
[www.jeffersonswheel.org/indexd2e2.html]
[www.jeffersonswheel.org/indexf9b5.html]
[www.jeffersonswheel.org/index7d87.html]
[www.jeffersonswheel.org/indexb753.html]
[www.jeffersonswheel.org/index5192.html]
[www.jeffersonswheel.org/index5e02.html]
[www.jeffersonswheel.org/indexf294.html]
[www.jeffersonswheel.org/index3d1a.html]
[www.jeffersonswheel.org/index16d5.html]
[www.jeffersonswheel.org/index245e.html]
[www.jeffersonswheel.org/index664b.html]
[www.jeffersonswheel.org/indexb45d.html]
[www.jeffersonswheel.org/index9c73.html]
[www.jeffersonswheel.org/indexe01d.html]
[www.jeffersonswheel.org/index1583.html]
[www.jeffersonswheel.org/index6fe2.html]
[www.jeffersonswheel.org/index37c3.html]
[www.jeffersonswheel.org/indexf8ad.html]
[www.jeffersonswheel.org/index6683.html]
[www.jeffersonswheel.org/index39c5.html]
[www.jeffersonswheel.org/indexcbf7.html]
[www.jeffersonswheel.org/index030b.html]
[www.jeffersonswheel.org/index1cc0.html]
[www.jeffersonswheel.org/index5d49.html]
[www.jeffersonswheel.org/indexd1c3.html]
[www.jeffersonswheel.org/indexf8fc.html]
[www.jeffersonswheel.org/index5024.html]
[www.jeffersonswheel.org/index2c3d.html]
[www.jeffersonswheel.org/index5c49.html]
[www.jeffersonswheel.org/index30e4.html]
[www.jeffersonswheel.org/index0718.html]
[www.jeffersonswheel.org/index1d45.html]
[www.jeffersonswheel.org/indexca7f.html]
[www.jeffersonswheel.org/indexbc2b.html]
[www.jeffersonswheel.org/index568a.html]
[www.jeffersonswheel.org/indexa42a.html]
[www.jeffersonswheel.org/index63e6.html]
[www.jeffersonswheel.org/index01e4.html]
[www.jeffersonswheel.org/indexaa4f.html]
[www.jeffersonswheel.org/indexa1e2.html]
[www.jeffersonswheel.org/indexfa8d.html]
[www.jeffersonswheel.org/index246f.html]
[www.jeffersonswheel.org/index04f2.html]
[www.jeffersonswheel.org/index46ad.html]
[www.jeffersonswheel.org/indexa215.html]
[www.jeffersonswheel.org/index7414.html]
[www.jeffersonswheel.org/indexa165.html]
[www.jeffersonswheel.org/indexfded.html]
[www.jeffersonswheel.org/index728e.html]
[www.jeffersonswheel.org/indexdd54.html]
[www.jeffersonswheel.org/index2d25.html]
[www.jeffersonswheel.org/index9b9e.html]
[www.jeffersonswheel.org/indexb87d.html]
[www.jeffersonswheel.org/index9982.html]
[www.jeffersonswheel.org/indexe3b6.html]
[www.jeffersonswheel.org/index28a7.html]
[www.jeffersonswheel.org/index5657.html]
[www.jeffersonswheel.org/index8a0c.html]
[www.jeffersonswheel.org/index7ab1.html]
[www.jeffersonswheel.org/indexd526.html]
[www.jeffersonswheel.org/index06d3.html]
[www.jeffersonswheel.org/index9e0f.html]
[www.jeffersonswheel.org/indexe0b1.html]
[www.jeffersonswheel.org/indexdf01.html]
[www.jeffersonswheel.org/index14c7.html]
[www.jeffersonswheel.org/index6205.html]
[www.jeffersonswheel.org/indexc7ce.html]
[www.jeffersonswheel.org/index88c3.html]
[www.jeffersonswheel.org/indexb351.html]
[www.jeffersonswheel.org/indexbdfa.html]
[www.jeffersonswheel.org/index5750.html]
[www.jeffersonswheel.org/index5604.html]
[www.jeffersonswheel.org/indexffa6.html]
[www.jeffersonswheel.org/index64d4.html]
[www.jeffersonswheel.org/index60bd.html]
[www.jeffersonswheel.org/index9222.html]
[www.jeffersonswheel.org/index7aa0.html]
[www.jeffersonswheel.org/index481e.html]
[www.jeffersonswheel.org/index4c85.html]
[www.jeffersonswheel.org/index601c.html]
[www.jeffersonswheel.org/index820e.html]
[www.jeffersonswheel.org/index6150.html]
[www.jeffersonswheel.org/index47c4.html]
[www.jeffersonswheel.org/indexb247.html]
[www.jeffersonswheel.org/index371d.html]
[www.jeffersonswheel.org/indexc518.html]
[www.jeffersonswheel.org/2011/08/index.html]
[www.jeffersonswheel.org/indexf47a.html]
[www.jeffersonswheel.org/indexeffc.html]
[www.jeffersonswheel.org/indexe513.html]
[www.jeffersonswheel.org/indexcb8c.html]
[www.jeffersonswheel.org/index8844.html]
[www.jeffersonswheel.org/index2915.html]
[www.jeffersonswheel.org/indexa853.html]
[www.jeffersonswheel.org/index3e8e.html]
[www.jeffersonswheel.org/indexd89d.html]
[www.jeffersonswheel.org/index88a0.html]
[www.jeffersonswheel.org/index1639.html]
[www.jeffersonswheel.org/index6cd9.html]
[www.jeffersonswheel.org/index4580.html]
[www.jeffersonswheel.org/indexd5db.html]
[www.jeffersonswheel.org/indexba1b.html]
[www.jeffersonswheel.org/indexeb91.html]
[www.jeffersonswheel.org/indexc140.html]
[www.jeffersonswheel.org/indexd1c3-2.html]
[www.jeffersonswheel.org/indexbbbf.html]
[www.jeffersonswheel.org/index48fd.html]
[www.jeffersonswheel.org/index7b17.html]
[www.jeffersonswheel.org/index146c.html]
[www.jeffersonswheel.org/index2586.html]
[www.jeffersonswheel.org/index3440.html]
[www.jeffersonswheel.org/indexa828.html]
[www.jeffersonswheel.org/index8e01.html]
[www.jeffersonswheel.org/index8af0.html]
[www.jeffersonswheel.org/indexd1a7.html]
[www.jeffersonswheel.org/indexe539.html]
[www.jeffersonswheel.org/indexa36b.html]
[www.jeffersonswheel.org/indexf488.html]
[www.jeffersonswheel.org/index421d.html]
[www.jeffersonswheel.org/index1a26.html]
[www.jeffersonswheel.org/index86fa.html]
[www.jeffersonswheel.org/index9c49.html]
[www.jeffersonswheel.org/index8b4e.html]
[www.jeffersonswheel.org/index913e.html]
[www.jeffersonswheel.org/index4ab3.html]
[www.jeffersonswheel.org/index7737.html]
[www.jeffersonswheel.org/indexd78c.html]
[www.jeffersonswheel.org/index3961.html]
[www.jeffersonswheel.org/indexbbbb.html]
[www.jeffersonswheel.org/index153d.html]
[www.jeffersonswheel.org/index9430.html]
[www.jeffersonswheel.org/index3f5a.html]
[www.jeffersonswheel.org/indexb6ad.html]
[www.jeffersonswheel.org/index65d2.html]
[www.jeffersonswheel.org/index8e15.html]
[www.jeffersonswheel.org/indexeffd.html]
[www.jeffersonswheel.org/index648c.html]
[www.jeffersonswheel.org/index44d0.html]
[www.jeffersonswheel.org/indexb135.html]
[www.jeffersonswheel.org/index04cd.html]
[www.jeffersonswheel.org/indexe839.html]
[www.jeffersonswheel.org/index49a5.html]
[www.jeffersonswheel.org/indexae74.html]
[www.jeffersonswheel.org/index3f3a.html]
[www.jeffersonswheel.org/indexe2dc.html]
[www.jeffersonswheel.org/index7ef4.html]
[www.jeffersonswheel.org/index96f1.html]
[www.jeffersonswheel.org/index4f61.html]
[www.jeffersonswheel.org/index8cd4.html]
[www.jeffersonswheel.org/index2cce.html]
[www.jeffersonswheel.org/index5c36.html]
[www.jeffersonswheel.org/index0721.html]
[www.jeffersonswheel.org/index1098.html]
[www.jeffersonswheel.org/indexe9b4.html]
[www.jeffersonswheel.org/index9787.html]
[www.jeffersonswheel.org/index2dc8.html]
[www.jeffersonswheel.org/index8054.html]
[www.jeffersonswheel.org/indexcc0f.html]
[www.jeffersonswheel.org/index5fb3.html]
[www.jeffersonswheel.org/index4579.html]
[www.jeffersonswheel.org/index8cf7.html]
[www.jeffersonswheel.org/index6aed.html]
[www.jeffersonswheel.org/index0012.html]
[www.jeffersonswheel.org/index94b0.html]
[www.jeffersonswheel.org/indexcb30.html]
[www.jeffersonswheel.org/2008/03/index.html]
[www.jeffersonswheel.org/category/web-security/page/3.html]
[www.jeffersonswheel.org/2008/boston-globe-t-card-has-security-flaw-says-researcher.html]
[www.jeffersonswheel.org/2008/03/page/3.html]
[www.jeffersonswheel.org/2008/interview-karsten-nohl-mifare-classic-researcher-speaks-up.html]
[www.jeffersonswheel.org/2008/cra-outstanding-undergraduate-awards.html]
[www.jeffersonswheel.org/2008/london-tube-smartcard-cracked.html]
[www.jeffersonswheel.org/2008/uva-student-hackers-crack-credit-card-security-code.html]
[www.jeffersonswheel.org/2008/rfid-hack-could-crack-open-2-billion-smart-cards.html]
[www.jeffersonswheel.org/2008/nxp-reacts-to-our-research.html]
[www.jeffersonswheel.org/2008/police-using-oyster-card-data.html]
[www.jeffersonswheel.org/2008/microscope-wielding-boffins-crack-tube-smartcard.html]
[www.jeffersonswheel.org/2008/clarifications-on-smartcard-work.html]
[www.jeffersonswheel.org/2008/hackers-find-a-way-to-crack-popular-smartcard-in-minutes.html]
[www.jeffersonswheel.org/2008/boston-herald-charliecard-is-far-from-hack-proof.html]
[www.jeffersonswheel.org/2008/clarifications-on-smartcard-work/feed]
[www.jeffersonswheel.org/index7ea6.html]
[www.jeffersonswheel.org/index5e74.html]
[www.jeffersonswheel.org/index49b1.html]
[www.jeffersonswheel.org/index4170.html]
[www.jeffersonswheel.org/indexfbd5.html]
[www.jeffersonswheel.org/indexcbb6.html]
[www.jeffersonswheel.org/indexba52.html]
[www.jeffersonswheel.org/indexb93f.html]
[www.jeffersonswheel.org/index4837.html]
[www.jeffersonswheel.org/index0d0b.html]
[www.jeffersonswheel.org/2008/02/index.html]
[www.jeffersonswheel.org/2008/study-raises-new-privacy-concerns-about-facebook.html]
[www.jeffersonswheel.org/2008/acm-technews-university-of-virginia-engineering-school-student-probes-facebooks-vulnerabilities.html]
[www.jeffersonswheel.org/2008/facebook-platform-privacy-risks-on-wcav.html]
[www.jeffersonswheel.org/2008/privacy-security-and-social-networking-apis.html]
[www.jeffersonswheel.org/index341b.html]
[www.jeffersonswheel.org/index5831.html]
[www.jeffersonswheel.org/index0735.html]
[www.jeffersonswheel.org/indexd8eb.html]
[www.jeffersonswheel.org/index0e62.html]
[www.jeffersonswheel.org/indexa1ca.html]
[www.jeffersonswheel.org/index0b69.html]
[www.jeffersonswheel.org/index678b.html]
[www.jeffersonswheel.org/index5757.html]
[www.jeffersonswheel.org/index64b4.html]
[www.jeffersonswheel.org/indexc4f7.html]
[www.jeffersonswheel.org/index42dc.html]
[www.jeffersonswheel.org/indexc471.html]
[www.jeffersonswheel.org/category/adversarial-machine-learning/index.html]
[www.jeffersonswheel.org/category/research/index.html]
[www.jeffersonswheel.org/category/research/page/3.html]
[www.jeffersonswheel.org/category/talks/index.html]
[www.jeffersonswheel.org/category/research/page/4.html]
[www.jeffersonswheel.org/category/talks/page/3.html]
[www.jeffersonswheel.org/category/alumni/index.html]
[www.jeffersonswheel.org/category/news/index.html]
[www.jeffersonswheel.org/category/privacy/index.html]
[www.jeffersonswheel.org/category/talks/page/4.html]
[www.jeffersonswheel.org/category/privacy/page/3.html]
[www.jeffersonswheel.org/category/conferences/index.html]
[www.jeffersonswheel.org/category/privacy/page/4.html]
[www.jeffersonswheel.org/category/conferences/page/3.html]
[www.jeffersonswheel.org/category/security/index.html]
[www.jeffersonswheel.org/category/conferences/page/4.html]
[www.jeffersonswheel.org/category/security/page/3.html]
[www.jeffersonswheel.org/category/teaching/index.html]
[www.jeffersonswheel.org/category/security/page/4.html]
[www.jeffersonswheel.org/page/4.html]
[www.jeffersonswheel.org/2017/index.html]
[www.jeffersonswheel.org/2016/index.html]
[www.jeffersonswheel.org/2015/index.html]
[www.jeffersonswheel.org/2014/index.html]
[www.jeffersonswheel.org/2013/index.html]
[www.jeffersonswheel.org/2011/index.html]
[www.jeffersonswheel.org/page/5.html]
[www.jeffersonswheel.org/2011/page/3.html]
[www.jeffersonswheel.org/2009/index.html]
[www.jeffersonswheel.org/2008/index.html]
[www.jeffersonswheel.org/2011/page/4.html]
[www.jeffersonswheel.org/2008/page/3.html]
[www.jeffersonswheel.org/category/awards/index.html]
[www.jeffersonswheel.org/category/cryptography/index.html]
[www.jeffersonswheel.org/2008/page/4.html]
[www.jeffersonswheel.org/category/cryptography/page/3.html]
[www.jeffersonswheel.org/category/papers/index.html]
[www.jeffersonswheel.org/category/cryptography/page/4.html]
[www.jeffersonswheel.org/category/papers/page/3.html]
[www.jeffersonswheel.org/category/rfid/index.html]
[www.jeffersonswheel.org/category/papers/page/4.html]
[www.jeffersonswheel.org/category/rfid/page/3.html]
[www.jeffersonswheel.org/category/secure-computation/index.html]
[www.jeffersonswheel.org/category/rfid/page/4.html]
[www.jeffersonswheel.org/category/secure-computation/page/3.html]
[www.jeffersonswheel.org/index5295.html]
[www.jeffersonswheel.org/category/social-networks/index.html]
[www.jeffersonswheel.org/category/social-networks/page/3.html]
[www.jeffersonswheel.org/category/web-security/index.html]
[www.jeffersonswheel.org/category/web-security/page/3.html]
[www.jeffersonswheel.org/2008/boston-globe-t-card-has-security-flaw-says-researcher.html]
[www.jeffersonswheel.org/2008/uva-student-hackers-crack-credit-card-security-code.html]
[www.jeffersonswheel.org/index5c90.html]
[www.jeffersonswheel.org/index1e7e.html]
[www.jeffersonswheel.org/indexdd23.html]
[www.jeffersonswheel.org/index6c46.html]
[www.jeffersonswheel.org/index5643.html]
[www.jeffersonswheel.org/indexc7e3.html]
[www.jeffersonswheel.org/index3c55.html]
[www.jeffersonswheel.org/index88b9.html]
[www.jeffersonswheel.org/index970c.html]
[www.jeffersonswheel.org/index2cf9.html]
[www.jeffersonswheel.org/indexb5fb.html]
[www.jeffersonswheel.org/index2dc4.html]
[www.jeffersonswheel.org/index2df4.html]
[www.jeffersonswheel.org/index3965.html]
[www.jeffersonswheel.org/category/secure-computation/page/4.html]
[www.jeffersonswheel.org/category/research/page/4.html]
[www.jeffersonswheel.org/category/research/page/5.html]
[www.jeffersonswheel.org/category/talks/page/4.html]
[www.jeffersonswheel.org/category/talks/page/5.html]
[www.jeffersonswheel.org/category/privacy/page/4.html]
[www.jeffersonswheel.org/category/privacy/page/5.html]
[www.jeffersonswheel.org/category/conferences/page/4.html]
[www.jeffersonswheel.org/category/conferences/page/5.html]
[www.jeffersonswheel.org/category/security/page/4.html]
[www.jeffersonswheel.org/category/security/page/5.html]
[www.jeffersonswheel.org/page/5.html]
[www.jeffersonswheel.org/page/6.html]
[www.jeffersonswheel.org/2011/page/4.html]
[www.jeffersonswheel.org/2011/page/5.html]
[www.jeffersonswheel.org/2008/page/4.html]
[www.jeffersonswheel.org/2008/page/5.html]
[www.jeffersonswheel.org/category/cryptography/page/4.html]
[www.jeffersonswheel.org/category/papers/page/4.html]
[www.jeffersonswheel.org/category/rfid/page/4.html]
[www.jeffersonswheel.org/category/secure-computation/page/4.html]
[www.jeffersonswheel.org/index40a0.html]
[www.jeffersonswheel.org/index0345.html]
[www.jeffersonswheel.org/category/cryptography/page/5.html]
[www.jeffersonswheel.org/category/research/page/5.html]
[www.jeffersonswheel.org/category/talks/page/5.html]
[www.jeffersonswheel.org/category/research/page/6.html]
[www.jeffersonswheel.org/category/privacy/page/5.html]
[www.jeffersonswheel.org/category/privacy/page/6.html]
[www.jeffersonswheel.org/category/conferences/page/5.html]
[www.jeffersonswheel.org/category/conferences/page/6.html]
[www.jeffersonswheel.org/category/security/page/5.html]
[www.jeffersonswheel.org/category/security/page/6.html]
[www.jeffersonswheel.org/page/6.html]
[www.jeffersonswheel.org/2011/page/5.html]
[www.jeffersonswheel.org/page/7.html]
[www.jeffersonswheel.org/2008/page/5.html]
[www.jeffersonswheel.org/2008/page/6.html]
[www.jeffersonswheel.org/category/cryptography/page/5.html]
[www.jeffersonswheel.org/category/cryptography/page/6.html]
[www.jeffersonswheel.org/category/research/page/6.html]
[www.jeffersonswheel.org/category/research/page/7.html]
[www.jeffersonswheel.org/category/privacy/page/6.html]
[www.jeffersonswheel.org/category/conferences/page/6.html]
[www.jeffersonswheel.org/category/privacy/page/7.html]
[www.jeffersonswheel.org/category/security/page/6.html]
[www.jeffersonswheel.org/category/security/page/7.html]
[www.jeffersonswheel.org/page/7.html]
[www.jeffersonswheel.org/page/8.html]
[www.jeffersonswheel.org/2008/page/6.html]
[www.jeffersonswheel.org/category/cryptography/page/6.html]
[www.jeffersonswheel.org/2008/page/7.html]
[www.jeffersonswheel.org/category/research/page/7.html]
[www.jeffersonswheel.org/category/research/page/8.html]
[www.jeffersonswheel.org/category/privacy/page/7.html]
[www.jeffersonswheel.org/category/privacy/page/8.html]
[www.jeffersonswheel.org/category/security/page/7.html]
[www.jeffersonswheel.org/category/security/page/8.html]
[www.jeffersonswheel.org/page/www.amazon.com/gp/product/1495944980]
[www.jeffersonswheel.org/page/8.html]
[www.jeffersonswheel.org/2008/page/7.html]
[www.jeffersonswheel.org/page/9.html]
[www.jeffersonswheel.org/category/research/page/8.html]
[www.jeffersonswheel.org/category/research/page/9.html]
[www.jeffersonswheel.org/category/privacy/page/8.html]
[www.jeffersonswheel.org/category/privacy/page/9.html]
[www.jeffersonswheel.org/category/security/page/8.html]
[www.jeffersonswheel.org/page/www.amazon.com/gp/product/1495944980.html]
[www.jeffersonswheel.org/category/security/page/9.html]
[www.jeffersonswheel.org/page/9.html]
[www.jeffersonswheel.org/page/10.html]
[www.jeffersonswheel.org/category/research/page/9.html]
[www.jeffersonswheel.org/category/privacy/page/9.html]
[www.jeffersonswheel.org/category/research/page/10.html]
[www.jeffersonswheel.org/category/security/page/9.html]
[www.jeffersonswheel.org/category/security/page/10.html]
[www.jeffersonswheel.org/page/10.html]
[www.jeffersonswheel.org/page/11.html]
[www.jeffersonswheel.org/category/research/page/10.html]
[www.jeffersonswheel.org/category/research/page/11.html]
[www.jeffersonswheel.org/category/security/page/10.html]
[www.jeffersonswheel.org/category/security/page/11.html]
[www.jeffersonswheel.org/page/11.html]
[www.jeffersonswheel.org/page/12.html]
[www.jeffersonswheel.org/category/research/page/11.html]
[www.jeffersonswheel.org/category/research/page/12.html]
[www.jeffersonswheel.org/category/security/page/11.html]
[www.jeffersonswheel.org/category/security/page/12.html]
[www.jeffersonswheel.org/page/12.html]
[www.jeffersonswheel.org/page/13.html]
[www.jeffersonswheel.org/category/research/page/12.html]
[www.jeffersonswheel.org/category/security/page/12.html]
[www.jeffersonswheel.org/category/research/page/13.html]
[www.jeffersonswheel.org/page/13.html]
[www.jeffersonswheel.org/page/14.html]
[www.jeffersonswheel.org/category/research/page/13.html]
[www.jeffersonswheel.org/category/research/page/14.html]
[www.jeffersonswheel.org/page/14.html]
[www.jeffersonswheel.org/page/15.html]
[www.jeffersonswheel.org/category/research/page/14.html]
[www.jeffersonswheel.org/category/research/page/15.html]
[www.jeffersonswheel.org/page/15.html]
[www.jeffersonswheel.org/category/research/page/15.html]
[www.jeffersonswheel.org/page/16.html]
[www.jeffersonswheel.org/page/16.html]
[www.jeffersonswheel.org/page/17.html]
[www.jeffersonswheel.org/page/17.html]
[www.jeffersonswheel.org/page/18.html]
[www.jeffersonswheel.org/page/18.html]
[www.jeffersonswheel.org/page/19.html]
[www.jeffersonswheel.org/page/19.html]
[www.jeffersonswheel.org/page/20.html]
[www.jeffersonswheel.org/page/20.html]
[www.jeffersonswheel.org/page/21.html]
[www.jeffersonswheel.org/page/21.html]
[www.jeffersonswheel.org/page/22.html]
[www.jeffersonswheel.org/page/22.html]
[www.jeffersonswheel.org/page/23.html]
[www.jeffersonswheel.org/page/23.html]
